current directory: /Users/avishek/Documents/projects/decap_cms_portfolio/avishek-018.github.io/vendor/bundle/ruby/3.2.0/gems/ffi-1.14.2/ext/ffi_c
/opt/homebrew/opt/ruby@3.2/bin/ruby extconf.rb
checking for ffi.h... no
checking for ffi.h in /usr/local/include,/usr/include/ffi,/Library/Developer/CommandLineTools/SDKs/MacOSX.sdk/usr/include/ffi,/Applications/Xcode.app/Contents/Developer/Platforms/MacOSX.platform/Developer/SDKs/MacOSX.sdk/usr/include/ffi... yes
checking for ffi_prep_closure_loc() in -lffi... yes
checking for ffi_prep_cif_var()... yes
checking for ffi_raw_call()... yes
checking for ffi_prep_raw_closure()... yes
creating extconf.h
creating Makefile

current directory: /Users/avishek/Documents/projects/decap_cms_portfolio/avishek-018.github.io/vendor/bundle/ruby/3.2.0/gems/ffi-1.14.2/ext/ffi_c
make DESTDIR\= sitearchdir\=./.gem.20260303-6426-zhp2nr sitelibdir\=./.gem.20260303-6426-zhp2nr clean

current directory: /Users/avishek/Documents/projects/decap_cms_portfolio/avishek-018.github.io/vendor/bundle/ruby/3.2.0/gems/ffi-1.14.2/ext/ffi_c
make DESTDIR\= sitearchdir\=./.gem.20260303-6426-zhp2nr sitelibdir\=./.gem.20260303-6426-zhp2nr
compiling AbstractMemory.c
compiling ArrayType.c
compiling Buffer.c
compiling Call.c
compiling ClosurePool.c
compiling DynamicLibrary.c
compiling Function.c
compiling FunctionInfo.c
compiling LastError.c
compiling LongDouble.c
compiling MappedType.c
compiling MemoryPointer.c
compiling MethodHandle.c
compiling Platform.c
compiling Pointer.c
compiling Struct.c
compiling StructByValue.c
compiling StructLayout.c
compiling Thread.c
compiling Type.c
compiling Types.c
compiling Variadic.c
compiling ffi.c
linking shared-object ffi_c.bundle
ld: warning: ignoring duplicate libraries: '-lruby.3.2'

current directory: /Users/avishek/Documents/projects/decap_cms_portfolio/avishek-018.github.io/vendor/bundle/ruby/3.2.0/gems/ffi-1.14.2/ext/ffi_c
make DESTDIR\= sitearchdir\=./.gem.20260303-6426-zhp2nr sitelibdir\=./.gem.20260303-6426-zhp2nr install
/usr/bin/install -c -m 0755 ffi_c.bundle ./.gem.20260303-6426-zhp2nr

current directory: /Users/avishek/Documents/projects/decap_cms_portfolio/avishek-018.github.io/vendor/bundle/ruby/3.2.0/gems/ffi-1.14.2/ext/ffi_c
make DESTDIR\= sitearchdir\=./.gem.20260303-6426-zhp2nr sitelibdir\=./.gem.20260303-6426-zhp2nr clean
