current directory: /Users/avishek/Documents/projects/decap_cms_portfolio/avishek-018.github.io/vendor/bundle/ruby/3.2.0/gems/nokogiri-1.11.1/ext/nokogiri
/opt/homebrew/opt/ruby@3.2/bin/ruby extconf.rb --use-system-libraries --with-xml2-include\=/opt/homebrew/opt/libxml2/include/libxml2 --with-xml2-lib\=/opt/homebrew/opt/libxml2/lib --with-xslt-dir\=/opt/homebrew/opt/libxslt
checking for whether -g is accepted as CFLAGS... yes
checking for whether -Winline is accepted as CFLAGS... yes
checking for whether -Wmissing-noreturn is accepted as CFLAGS... yes
checking for whether -Wno-error=unused-command-line-argument-hard-error-in-future is accepted as CFLAGS... no
checking for whether -I/Library/Developer/CommandLineTools/SDKs/MacOSX.sdk/usr/include/libxml2 is accepted as CPPFLAGS... yes
Building nokogiri using system libraries.
checking for gzdopen() in -lz... yes
checking for xmlParseDoc() in -lxml2... yes
checking for xsltParseStylesheetDoc() in -lxslt... yes
checking for exsltFuncRegister() in -lexslt... yes
checking for xmlHasFeature()... yes
checking for xmlFirstElementChild()... yes
checking for xmlRelaxNGSetParserStructuredErrors()... yes
checking for xmlRelaxNGSetValidStructuredErrors()... yes
checking for xmlSchemaSetValidStructuredErrors()... yes
checking for xmlSchemaSetParserStructuredErrors()... yes
checking for vasprintf()... yes
checking for whether -DNOKOGIRI_OTHER_LIBRARY_VERSIONS="\"\"" is accepted as CPPFLAGS... yes
creating Makefile

current directory: /Users/avishek/Documents/projects/decap_cms_portfolio/avishek-018.github.io/vendor/bundle/ruby/3.2.0/gems/nokogiri-1.11.1/ext/nokogiri
make DESTDIR\= sitearchdir\=./.gem.20260303-10175-5vg0gu sitelibdir\=./.gem.20260303-10175-5vg0gu clean

current directory: /Users/avishek/Documents/projects/decap_cms_portfolio/avishek-018.github.io/vendor/bundle/ruby/3.2.0/gems/nokogiri-1.11.1/ext/nokogiri
make DESTDIR\= sitearchdir\=./.gem.20260303-10175-5vg0gu sitelibdir\=./.gem.20260303-10175-5vg0gu
compiling html_document.c
In file included from html_document.c:1:
In file included from ./html_document.h:4:
./nokogiri.h:4:5: warning: '_MSC_VER' is not defined, evaluates to 0 [-Wundef]
    4 | #if _MSC_VER
      |     ^
html_document.c:48:52: error: incompatible function pointer types passing 'void (void *, xmlErrorPtr)' (aka 'void (void *, struct _xmlError *)') to parameter of type 'xmlStructuredErrorFunc' (aka 'void (*)(void *, const struct _xmlError *)') [-Wincompatible-function-pointer-types]
   48 |   xmlSetStructuredErrorFunc((void *)rb_error_list, Nokogiri_error_array_pusher);
      |                                                    ^~~~~~~~~~~~~~~~~~~~~~~~~~~
/opt/homebrew/opt/libxml2/include/libxml2/libxml/xmlerror.h:1005:29: note: passing argument to parameter 'handler' here
 1005 |                                  xmlStructuredErrorFunc handler);
      |                                                         ^
html_document.c:108:52: error: incompatible function pointer types passing 'void (void *, xmlErrorPtr)' (aka 'void (void *, struct _xmlError *)') to parameter of type 'xmlStructuredErrorFunc' (aka 'void (*)(void *, const struct _xmlError *)') [-Wincompatible-function-pointer-types]
  108 |   xmlSetStructuredErrorFunc((void *)rb_error_list, Nokogiri_error_array_pusher);
      |                                                    ^~~~~~~~~~~~~~~~~~~~~~~~~~~
/opt/homebrew/opt/libxml2/include/libxml2/libxml/xmlerror.h:1005:29: note: passing argument to parameter 'handler' here
 1005 |                                  xmlStructuredErrorFunc handler);
      |                                                         ^
html_document.c:148:18: warning: implicit conversion loses integer precision: 'long' to 'int' [-Wshorten-64-to-32]
  148 |   return INT2NUM((long)doc->type);
      |          ~~~~~~~ ^~~~~~~~~~~~~~~
2 warnings and 2 errors generated.
make: *** [html_document.o] Error 1

make failed, exit code 2
