block in append_cflags: checking for whether -g is accepted as CFLAGS... -------------------- yes

DYLD_LIBRARY_PATH=.:/opt/homebrew/Cellar/ruby@3.2/3.2.10/lib "clang -o conftest -I/opt/homebrew/Cellar/ruby@3.2/3.2.10/include/ruby-3.2.0/arm64-darwin24 -I/opt/homebrew/Cellar/ruby@3.2/3.2.10/include/ruby-3.2.0/ruby/backward -I/opt/homebrew/Cellar/ruby@3.2/3.2.10/include/ruby-3.2.0 -I. -I/opt/homebrew/opt/libyaml/include -I/opt/homebrew/opt/openssl@3/include -I/opt/homebrew/opt/readline/include -D_XOPEN_SOURCE -D_DARWIN_C_SOURCE -D_DARWIN_UNLIMITED_SELECT -D_REENTRANT   -fdeclspec -O3 -fno-fast-math -ggdb3 -Wall -Wextra -Wextra-tokens -Wdeprecated-declarations -Wdivision-by-zero -Wdiv-by-zero -Wimplicit-function-declaration -Wimplicit-int -Wmisleading-indentation -Wpointer-arith -Wshorten-64-to-32 -Wwrite-strings -Wold-style-definition -Wmissing-noreturn -Wno-cast-function-type -Wno-constant-logical-operand -Wno-long-long -Wno-missing-field-initializers -Wno-overlength-strings -Wno-parentheses-equality -Wno-self-assign -Wno-tautological-compare -Wno-unused-parameter -Wno-unused-value -Wunused-variable -Wundef  -fno-common -pipe conftest.c  -L. -L/opt/homebrew/Cellar/ruby@3.2/3.2.10/lib -L/opt/homebrew/opt/libyaml/lib -L/opt/homebrew/opt/openssl@3/lib -L/opt/homebrew/opt/readline/lib -L. -fstack-protector-strong -L/opt/homebrew/opt/libyaml/lib -L/opt/homebrew/opt/openssl@3/lib -L/opt/homebrew/opt/readline/lib     -lruby.3.2  -lpthread  "
checked program was:
/* begin */
1: #include "ruby.h"
2: 
3: int main(int argc, char **argv)
4: {
5:   return !!argv[argc];
6: }
/* end */

DYLD_LIBRARY_PATH=.:/opt/homebrew/Cellar/ruby@3.2/3.2.10/lib "clang -I/opt/homebrew/Cellar/ruby@3.2/3.2.10/include/ruby-3.2.0/arm64-darwin24 -I/opt/homebrew/Cellar/ruby@3.2/3.2.10/include/ruby-3.2.0/ruby/backward -I/opt/homebrew/Cellar/ruby@3.2/3.2.10/include/ruby-3.2.0 -I. -I/opt/homebrew/opt/libyaml/include -I/opt/homebrew/opt/openssl@3/include -I/opt/homebrew/opt/readline/include -D_XOPEN_SOURCE -D_DARWIN_C_SOURCE -D_DARWIN_UNLIMITED_SELECT -D_REENTRANT   -fdeclspec -O3 -fno-fast-math -ggdb3 -Wall -Wextra -Wextra-tokens -Wdeprecated-declarations -Wdivision-by-zero -Wdiv-by-zero -Wimplicit-function-declaration -Wimplicit-int -Wmisleading-indentation -Wpointer-arith -Wshorten-64-to-32 -Wwrite-strings -Wold-style-definition -Wmissing-noreturn -Wno-cast-function-type -Wno-constant-logical-operand -Wno-long-long -Wno-missing-field-initializers -Wno-overlength-strings -Wno-parentheses-equality -Wno-self-assign -Wno-tautological-compare -Wno-unused-parameter -Wno-unused-value -Wunused-variable -Wundef  -fno-common -pipe  -g -Werror -c conftest.c"
checked program was:
/* begin */
1: #include "ruby.h"
2: 
3: int main(int argc, char **argv)
4: {
5:   return !!argv[argc];
6: }
/* end */

--------------------

block in append_cflags: checking for whether -Winline is accepted as CFLAGS... -------------------- yes

DYLD_LIBRARY_PATH=.:/opt/homebrew/Cellar/ruby@3.2/3.2.10/lib "clang -I/opt/homebrew/Cellar/ruby@3.2/3.2.10/include/ruby-3.2.0/arm64-darwin24 -I/opt/homebrew/Cellar/ruby@3.2/3.2.10/include/ruby-3.2.0/ruby/backward -I/opt/homebrew/Cellar/ruby@3.2/3.2.10/include/ruby-3.2.0 -I. -I/opt/homebrew/opt/libyaml/include -I/opt/homebrew/opt/openssl@3/include -I/opt/homebrew/opt/readline/include -D_XOPEN_SOURCE -D_DARWIN_C_SOURCE -D_DARWIN_UNLIMITED_SELECT -D_REENTRANT   -fdeclspec -O3 -fno-fast-math -ggdb3 -Wall -Wextra -Wextra-tokens -Wdeprecated-declarations -Wdivision-by-zero -Wdiv-by-zero -Wimplicit-function-declaration -Wimplicit-int -Wmisleading-indentation -Wpointer-arith -Wshorten-64-to-32 -Wwrite-strings -Wold-style-definition -Wmissing-noreturn -Wno-cast-function-type -Wno-constant-logical-operand -Wno-long-long -Wno-missing-field-initializers -Wno-overlength-strings -Wno-parentheses-equality -Wno-self-assign -Wno-tautological-compare -Wno-unused-parameter -Wno-unused-value -Wunused-variable -Wundef  -fno-common -pipe -g  -Winline -Werror -c conftest.c"
checked program was:
/* begin */
1: #include "ruby.h"
2: 
3: int main(int argc, char **argv)
4: {
5:   return !!argv[argc];
6: }
/* end */

--------------------

block in append_cflags: checking for whether -Wmissing-noreturn is accepted as CFLAGS... -------------------- yes

DYLD_LIBRARY_PATH=.:/opt/homebrew/Cellar/ruby@3.2/3.2.10/lib "clang -I/opt/homebrew/Cellar/ruby@3.2/3.2.10/include/ruby-3.2.0/arm64-darwin24 -I/opt/homebrew/Cellar/ruby@3.2/3.2.10/include/ruby-3.2.0/ruby/backward -I/opt/homebrew/Cellar/ruby@3.2/3.2.10/include/ruby-3.2.0 -I. -I/opt/homebrew/opt/libyaml/include -I/opt/homebrew/opt/openssl@3/include -I/opt/homebrew/opt/readline/include -D_XOPEN_SOURCE -D_DARWIN_C_SOURCE -D_DARWIN_UNLIMITED_SELECT -D_REENTRANT   -fdeclspec -O3 -fno-fast-math -ggdb3 -Wall -Wextra -Wextra-tokens -Wdeprecated-declarations -Wdivision-by-zero -Wdiv-by-zero -Wimplicit-function-declaration -Wimplicit-int -Wmisleading-indentation -Wpointer-arith -Wshorten-64-to-32 -Wwrite-strings -Wold-style-definition -Wmissing-noreturn -Wno-cast-function-type -Wno-constant-logical-operand -Wno-long-long -Wno-missing-field-initializers -Wno-overlength-strings -Wno-parentheses-equality -Wno-self-assign -Wno-tautological-compare -Wno-unused-parameter -Wno-unused-value -Wunused-variable -Wundef  -fno-common -pipe -g -Winline  -Wmissing-noreturn -Werror -c conftest.c"
checked program was:
/* begin */
1: #include "ruby.h"
2: 
3: int main(int argc, char **argv)
4: {
5:   return !!argv[argc];
6: }
/* end */

--------------------

block in append_cflags: checking for whether -Wno-error=unused-command-line-argument-hard-error-in-future is accepted as CFLAGS... -------------------- no

DYLD_LIBRARY_PATH=.:/opt/homebrew/Cellar/ruby@3.2/3.2.10/lib "clang -I/opt/homebrew/Cellar/ruby@3.2/3.2.10/include/ruby-3.2.0/arm64-darwin24 -I/opt/homebrew/Cellar/ruby@3.2/3.2.10/include/ruby-3.2.0/ruby/backward -I/opt/homebrew/Cellar/ruby@3.2/3.2.10/include/ruby-3.2.0 -I. -I/opt/homebrew/opt/libyaml/include -I/opt/homebrew/opt/openssl@3/include -I/opt/homebrew/opt/readline/include -D_XOPEN_SOURCE -D_DARWIN_C_SOURCE -D_DARWIN_UNLIMITED_SELECT -D_REENTRANT   -fdeclspec -O3 -fno-fast-math -ggdb3 -Wall -Wextra -Wextra-tokens -Wdeprecated-declarations -Wdivision-by-zero -Wdiv-by-zero -Wimplicit-function-declaration -Wimplicit-int -Wmisleading-indentation -Wpointer-arith -Wshorten-64-to-32 -Wwrite-strings -Wold-style-definition -Wmissing-noreturn -Wno-cast-function-type -Wno-constant-logical-operand -Wno-long-long -Wno-missing-field-initializers -Wno-overlength-strings -Wno-parentheses-equality -Wno-self-assign -Wno-tautological-compare -Wno-unused-parameter -Wno-unused-value -Wunused-variable -Wundef  -fno-common -pipe -g -Winline -Wmissing-noreturn  -Wno-error=unused-command-line-argument-hard-error-in-future -Werror -c conftest.c"
error: unknown warning option '-Werror=unused-command-line-argument-hard-error-in-future'; did you mean '-Werror=unused-command-line-argument'? [-Werror,-Wunknown-warning-option]
checked program was:
/* begin */
1: #include "ruby.h"
2: 
3: int main(int argc, char **argv)
4: {
5:   return !!argv[argc];
6: }
/* end */

--------------------

block in append_cppflags: checking for whether -I/Library/Developer/CommandLineTools/SDKs/MacOSX.sdk/usr/include/libxml2 is accepted as CPPFLAGS... -------------------- yes

DYLD_LIBRARY_PATH=.:/opt/homebrew/Cellar/ruby@3.2/3.2.10/lib "clang -I/opt/homebrew/Cellar/ruby@3.2/3.2.10/include/ruby-3.2.0/arm64-darwin24 -I/opt/homebrew/Cellar/ruby@3.2/3.2.10/include/ruby-3.2.0/ruby/backward -I/opt/homebrew/Cellar/ruby@3.2/3.2.10/include/ruby-3.2.0 -I. -I/opt/homebrew/opt/libyaml/include -I/opt/homebrew/opt/openssl@3/include -I/opt/homebrew/opt/readline/include -D_XOPEN_SOURCE -D_DARWIN_C_SOURCE -D_DARWIN_UNLIMITED_SELECT -D_REENTRANT   -fdeclspec -O3 -fno-fast-math -ggdb3 -Wall -Wextra -Wextra-tokens -Wdeprecated-declarations -Wdivision-by-zero -Wdiv-by-zero -Wimplicit-function-declaration -Wimplicit-int -Wmisleading-indentation -Wpointer-arith -Wshorten-64-to-32 -Wwrite-strings -Wold-style-definition -Wmissing-noreturn -Wno-cast-function-type -Wno-constant-logical-operand -Wno-long-long -Wno-missing-field-initializers -Wno-overlength-strings -Wno-parentheses-equality -Wno-self-assign -Wno-tautological-compare -Wno-unused-parameter -Wno-unused-value -Wunused-variable -Wundef  -fno-common -pipe -g -Winline -Wmissing-noreturn  -I/Library/Developer/CommandLineTools/SDKs/MacOSX.sdk/usr/include/libxml2 -Werror -c conftest.c"
checked program was:
/* begin */
1: #include "ruby.h"
2: 
3: int main(int argc, char **argv)
4: {
5:   return !!argv[argc];
6: }
/* end */

--------------------

have_library: checking for gzdopen() in -lz... -------------------- yes

DYLD_LIBRARY_PATH=.:/opt/homebrew/Cellar/ruby@3.2/3.2.10/lib "clang -o conftest -I/opt/homebrew/Cellar/ruby@3.2/3.2.10/include/ruby-3.2.0/arm64-darwin24 -I/opt/homebrew/Cellar/ruby@3.2/3.2.10/include/ruby-3.2.0/ruby/backward -I/opt/homebrew/Cellar/ruby@3.2/3.2.10/include/ruby-3.2.0 -I. -I/opt/homebrew/opt/libyaml/include -I/opt/homebrew/opt/openssl@3/include -I/opt/homebrew/opt/readline/include -D_XOPEN_SOURCE -D_DARWIN_C_SOURCE -D_DARWIN_UNLIMITED_SELECT -D_REENTRANT   -I/Library/Developer/CommandLineTools/SDKs/MacOSX.sdk/usr/include/libxml2 -fdeclspec -O3 -fno-fast-math -ggdb3 -Wall -Wextra -Wextra-tokens -Wdeprecated-declarations -Wdivision-by-zero -Wdiv-by-zero -Wimplicit-function-declaration -Wimplicit-int -Wmisleading-indentation -Wpointer-arith -Wshorten-64-to-32 -Wwrite-strings -Wold-style-definition -Wmissing-noreturn -Wno-cast-function-type -Wno-constant-logical-operand -Wno-long-long -Wno-missing-field-initializers -Wno-overlength-strings -Wno-parentheses-equality -Wno-self-assign -Wno-tautological-compare -Wno-unused-parameter -Wno-unused-value -Wunused-variable -Wundef  -fno-common -pipe -g -Winline -Wmissing-noreturn conftest.c  -L. -L/opt/homebrew/Cellar/ruby@3.2/3.2.10/lib -L/opt/homebrew/opt/libyaml/lib -L/opt/homebrew/opt/openssl@3/lib -L/opt/homebrew/opt/readline/lib -L. -fstack-protector-strong -L/opt/homebrew/opt/libyaml/lib -L/opt/homebrew/opt/openssl@3/lib -L/opt/homebrew/opt/readline/lib     -lruby.3.2 -lz  -lpthread  "
checked program was:
/* begin */
 1: #include "ruby.h"
 2: 
 3: #include <zlib.h>
 4: 
 5: /*top*/
 6: extern int t(void);
 7: int main(int argc, char **argv)
 8: {
 9:   if (argc > 1000000) {
10:     int (* volatile tp)(void)=(int (*)(void))&t;
11:     printf("%d", (*tp)());
12:   }
13: 
14:   return !!argv[argc];
15: }
16: int t(void) { void ((*volatile p)()); p = (void ((*)()))gzdopen; return !p; }
/* end */

--------------------

have_library: checking for xmlParseDoc() in -lxml2... -------------------- yes

DYLD_LIBRARY_PATH=.:/opt/homebrew/Cellar/ruby@3.2/3.2.10/lib "clang -o conftest -I/opt/homebrew/Cellar/ruby@3.2/3.2.10/include/ruby-3.2.0/arm64-darwin24 -I/opt/homebrew/Cellar/ruby@3.2/3.2.10/include/ruby-3.2.0/ruby/backward -I/opt/homebrew/Cellar/ruby@3.2/3.2.10/include/ruby-3.2.0 -I. -I/opt/homebrew/opt/libxml2/include/libxml2 -I/opt/homebrew/opt/libyaml/include -I/opt/homebrew/opt/openssl@3/include -I/opt/homebrew/opt/readline/include -D_XOPEN_SOURCE -D_DARWIN_C_SOURCE -D_DARWIN_UNLIMITED_SELECT -D_REENTRANT   -I/Library/Developer/CommandLineTools/SDKs/MacOSX.sdk/usr/include/libxml2 -fdeclspec -O3 -fno-fast-math -ggdb3 -Wall -Wextra -Wextra-tokens -Wdeprecated-declarations -Wdivision-by-zero -Wdiv-by-zero -Wimplicit-function-declaration -Wimplicit-int -Wmisleading-indentation -Wpointer-arith -Wshorten-64-to-32 -Wwrite-strings -Wold-style-definition -Wmissing-noreturn -Wno-cast-function-type -Wno-constant-logical-operand -Wno-long-long -Wno-missing-field-initializers -Wno-overlength-strings -Wno-parentheses-equality -Wno-self-assign -Wno-tautological-compare -Wno-unused-parameter -Wno-unused-value -Wunused-variable -Wundef  -fno-common -pipe -g -Winline -Wmissing-noreturn conftest.c  -L. -L/opt/homebrew/Cellar/ruby@3.2/3.2.10/lib -L/opt/homebrew/opt/libxml2/lib -L/opt/homebrew/opt/libyaml/lib -L/opt/homebrew/opt/openssl@3/lib -L/opt/homebrew/opt/readline/lib -L. -fstack-protector-strong -L/opt/homebrew/opt/libyaml/lib -L/opt/homebrew/opt/openssl@3/lib -L/opt/homebrew/opt/readline/lib    -lz  -lruby.3.2 -lxml2 -lz  -lpthread  "
ld: warning: ignoring duplicate libraries: '-lz'
checked program was:
/* begin */
 1: #include "ruby.h"
 2: 
 3: #include <libxml/parser.h>
 4: 
 5: /*top*/
 6: extern int t(void);
 7: int main(int argc, char **argv)
 8: {
 9:   if (argc > 1000000) {
10:     int (* volatile tp)(void)=(int (*)(void))&t;
11:     printf("%d", (*tp)());
12:   }
13: 
14:   return !!argv[argc];
15: }
16: int t(void) { void ((*volatile p)()); p = (void ((*)()))xmlParseDoc; return !p; }
/* end */

--------------------

have_library: checking for xsltParseStylesheetDoc() in -lxslt... -------------------- yes

DYLD_LIBRARY_PATH=.:/opt/homebrew/Cellar/ruby@3.2/3.2.10/lib "clang -o conftest -I/opt/homebrew/Cellar/ruby@3.2/3.2.10/include/ruby-3.2.0/arm64-darwin24 -I/opt/homebrew/Cellar/ruby@3.2/3.2.10/include/ruby-3.2.0/ruby/backward -I/opt/homebrew/Cellar/ruby@3.2/3.2.10/include/ruby-3.2.0 -I. -I/opt/homebrew/opt/libxslt/include -I/opt/homebrew/opt/libxml2/include/libxml2 -I/opt/homebrew/opt/libyaml/include -I/opt/homebrew/opt/openssl@3/include -I/opt/homebrew/opt/readline/include -D_XOPEN_SOURCE -D_DARWIN_C_SOURCE -D_DARWIN_UNLIMITED_SELECT -D_REENTRANT   -I/Library/Developer/CommandLineTools/SDKs/MacOSX.sdk/usr/include/libxml2 -fdeclspec -O3 -fno-fast-math -ggdb3 -Wall -Wextra -Wextra-tokens -Wdeprecated-declarations -Wdivision-by-zero -Wdiv-by-zero -Wimplicit-function-declaration -Wimplicit-int -Wmisleading-indentation -Wpointer-arith -Wshorten-64-to-32 -Wwrite-strings -Wold-style-definition -Wmissing-noreturn -Wno-cast-function-type -Wno-constant-logical-operand -Wno-long-long -Wno-missing-field-initializers -Wno-overlength-strings -Wno-parentheses-equality -Wno-self-assign -Wno-tautological-compare -Wno-unused-parameter -Wno-unused-value -Wunused-variable -Wundef  -fno-common -pipe -g -Winline -Wmissing-noreturn conftest.c  -L. -L/opt/homebrew/Cellar/ruby@3.2/3.2.10/lib -L/opt/homebrew/opt/libxslt/lib -L/opt/homebrew/opt/libxml2/lib -L/opt/homebrew/opt/libyaml/lib -L/opt/homebrew/opt/openssl@3/lib -L/opt/homebrew/opt/readline/lib -L. -fstack-protector-strong -L/opt/homebrew/opt/libyaml/lib -L/opt/homebrew/opt/openssl@3/lib -L/opt/homebrew/opt/readline/lib    -lxml2 -lz  -lruby.3.2 -lxslt -lxml2 -lz  -lpthread  "
conftest.c:16:57: error: use of undeclared identifier 'xsltParseStylesheetDoc'
   16 | int t(void) { void ((*volatile p)()); p = (void ((*)()))xsltParseStylesheetDoc; return !p; }
      |                                                         ^
1 error generated.
checked program was:
/* begin */
 1: #include "ruby.h"
 2: 
 3: #include <libxslt/xslt.h>
 4: 
 5: /*top*/
 6: extern int t(void);
 7: int main(int argc, char **argv)
 8: {
 9:   if (argc > 1000000) {
10:     int (* volatile tp)(void)=(int (*)(void))&t;
11:     printf("%d", (*tp)());
12:   }
13: 
14:   return !!argv[argc];
15: }
16: int t(void) { void ((*volatile p)()); p = (void ((*)()))xsltParseStylesheetDoc; return !p; }
/* end */

DYLD_LIBRARY_PATH=.:/opt/homebrew/Cellar/ruby@3.2/3.2.10/lib "clang -o conftest -I/opt/homebrew/Cellar/ruby@3.2/3.2.10/include/ruby-3.2.0/arm64-darwin24 -I/opt/homebrew/Cellar/ruby@3.2/3.2.10/include/ruby-3.2.0/ruby/backward -I/opt/homebrew/Cellar/ruby@3.2/3.2.10/include/ruby-3.2.0 -I. -I/opt/homebrew/opt/libxslt/include -I/opt/homebrew/opt/libxml2/include/libxml2 -I/opt/homebrew/opt/libyaml/include -I/opt/homebrew/opt/openssl@3/include -I/opt/homebrew/opt/readline/include -D_XOPEN_SOURCE -D_DARWIN_C_SOURCE -D_DARWIN_UNLIMITED_SELECT -D_REENTRANT   -I/Library/Developer/CommandLineTools/SDKs/MacOSX.sdk/usr/include/libxml2 -fdeclspec -O3 -fno-fast-math -ggdb3 -Wall -Wextra -Wextra-tokens -Wdeprecated-declarations -Wdivision-by-zero -Wdiv-by-zero -Wimplicit-function-declaration -Wimplicit-int -Wmisleading-indentation -Wpointer-arith -Wshorten-64-to-32 -Wwrite-strings -Wold-style-definition -Wmissing-noreturn -Wno-cast-function-type -Wno-constant-logical-operand -Wno-long-long -Wno-missing-field-initializers -Wno-overlength-strings -Wno-parentheses-equality -Wno-self-assign -Wno-tautological-compare -Wno-unused-parameter -Wno-unused-value -Wunused-variable -Wundef  -fno-common -pipe -g -Winline -Wmissing-noreturn conftest.c  -L. -L/opt/homebrew/Cellar/ruby@3.2/3.2.10/lib -L/opt/homebrew/opt/libxslt/lib -L/opt/homebrew/opt/libxml2/lib -L/opt/homebrew/opt/libyaml/lib -L/opt/homebrew/opt/openssl@3/lib -L/opt/homebrew/opt/readline/lib -L. -fstack-protector-strong -L/opt/homebrew/opt/libyaml/lib -L/opt/homebrew/opt/openssl@3/lib -L/opt/homebrew/opt/readline/lib    -lxml2 -lz  -lruby.3.2 -lxslt -lxml2 -lz  -lpthread  "
ld: warning: ignoring duplicate libraries: '-lxml2', '-lz'
checked program was:
/* begin */
 1: #include "ruby.h"
 2: 
 3: #include <libxslt/xslt.h>
 4: 
 5: /*top*/
 6: extern int t(void);
 7: int main(int argc, char **argv)
 8: {
 9:   if (argc > 1000000) {
10:     int (* volatile tp)(void)=(int (*)(void))&t;
11:     printf("%d", (*tp)());
12:   }
13: 
14:   return !!argv[argc];
15: }
16: extern void xsltParseStylesheetDoc();
17: int t(void) { xsltParseStylesheetDoc(); return 0; }
/* end */

--------------------

have_library: checking for exsltFuncRegister() in -lexslt... -------------------- yes

DYLD_LIBRARY_PATH=.:/opt/homebrew/Cellar/ruby@3.2/3.2.10/lib "clang -o conftest -I/opt/homebrew/Cellar/ruby@3.2/3.2.10/include/ruby-3.2.0/arm64-darwin24 -I/opt/homebrew/Cellar/ruby@3.2/3.2.10/include/ruby-3.2.0/ruby/backward -I/opt/homebrew/Cellar/ruby@3.2/3.2.10/include/ruby-3.2.0 -I. -I/opt/homebrew/opt/libxslt/include -I/opt/homebrew/opt/libxml2/include/libxml2 -I/opt/homebrew/opt/libyaml/include -I/opt/homebrew/opt/openssl@3/include -I/opt/homebrew/opt/readline/include -D_XOPEN_SOURCE -D_DARWIN_C_SOURCE -D_DARWIN_UNLIMITED_SELECT -D_REENTRANT   -I/Library/Developer/CommandLineTools/SDKs/MacOSX.sdk/usr/include/libxml2 -fdeclspec -O3 -fno-fast-math -ggdb3 -Wall -Wextra -Wextra-tokens -Wdeprecated-declarations -Wdivision-by-zero -Wdiv-by-zero -Wimplicit-function-declaration -Wimplicit-int -Wmisleading-indentation -Wpointer-arith -Wshorten-64-to-32 -Wwrite-strings -Wold-style-definition -Wmissing-noreturn -Wno-cast-function-type -Wno-constant-logical-operand -Wno-long-long -Wno-missing-field-initializers -Wno-overlength-strings -Wno-parentheses-equality -Wno-self-assign -Wno-tautological-compare -Wno-unused-parameter -Wno-unused-value -Wunused-variable -Wundef  -fno-common -pipe -g -Winline -Wmissing-noreturn conftest.c  -L. -L/opt/homebrew/Cellar/ruby@3.2/3.2.10/lib -L/opt/homebrew/opt/libxslt/lib -L/opt/homebrew/opt/libxml2/lib -L/opt/homebrew/opt/libyaml/lib -L/opt/homebrew/opt/openssl@3/lib -L/opt/homebrew/opt/readline/lib -L. -fstack-protector-strong -L/opt/homebrew/opt/libyaml/lib -L/opt/homebrew/opt/openssl@3/lib -L/opt/homebrew/opt/readline/lib    -lxslt -lxml2 -lz  -lruby.3.2 -lexslt -lxslt -lxml2 -lz  -lpthread  "
ld: warning: ignoring duplicate libraries: '-lxml2', '-lxslt', '-lz'
checked program was:
/* begin */
 1: #include "ruby.h"
 2: 
 3: #include <libexslt/exslt.h>
 4: 
 5: /*top*/
 6: extern int t(void);
 7: int main(int argc, char **argv)
 8: {
 9:   if (argc > 1000000) {
10:     int (* volatile tp)(void)=(int (*)(void))&t;
11:     printf("%d", (*tp)());
12:   }
13: 
14:   return !!argv[argc];
15: }
16: int t(void) { void ((*volatile p)()); p = (void ((*)()))exsltFuncRegister; return !p; }
/* end */

--------------------

DYLD_LIBRARY_PATH=.:/opt/homebrew/Cellar/ruby@3.2/3.2.10/lib "clang -E -I/opt/homebrew/Cellar/ruby@3.2/3.2.10/include/ruby-3.2.0/arm64-darwin24 -I/opt/homebrew/Cellar/ruby@3.2/3.2.10/include/ruby-3.2.0/ruby/backward -I/opt/homebrew/Cellar/ruby@3.2/3.2.10/include/ruby-3.2.0 -I. -I/opt/homebrew/opt/libxslt/include -I/opt/homebrew/opt/libxml2/include/libxml2 -I/opt/homebrew/opt/libyaml/include -I/opt/homebrew/opt/openssl@3/include -I/opt/homebrew/opt/readline/include -D_XOPEN_SOURCE -D_DARWIN_C_SOURCE -D_DARWIN_UNLIMITED_SELECT -D_REENTRANT   -I/Library/Developer/CommandLineTools/SDKs/MacOSX.sdk/usr/include/libxml2 -fdeclspec -O3 -fno-fast-math -ggdb3 -Wall -Wextra -Wextra-tokens -Wdeprecated-declarations -Wdivision-by-zero -Wdiv-by-zero -Wimplicit-function-declaration -Wimplicit-int -Wmisleading-indentation -Wpointer-arith -Wshorten-64-to-32 -Wwrite-strings -Wold-style-definition -Wmissing-noreturn -Wno-cast-function-type -Wno-constant-logical-operand -Wno-long-long -Wno-missing-field-initializers -Wno-overlength-strings -Wno-parentheses-equality -Wno-self-assign -Wno-tautological-compare -Wno-unused-parameter -Wno-unused-value -Wunused-variable -Wundef  -fno-common -pipe -g -Winline -Wmissing-noreturn  conftest.c -o conftest.i"
checked program was:
/* begin */
1: #include "ruby.h"
2: 
3: #include <libxml/xmlversion.h>
4: #if LIBXML_VERSION < 20621
5: #  error libxml2 is older than 2.6.21
6: #endif
/* end */

DYLD_LIBRARY_PATH=.:/opt/homebrew/Cellar/ruby@3.2/3.2.10/lib "clang -E -I/opt/homebrew/Cellar/ruby@3.2/3.2.10/include/ruby-3.2.0/arm64-darwin24 -I/opt/homebrew/Cellar/ruby@3.2/3.2.10/include/ruby-3.2.0/ruby/backward -I/opt/homebrew/Cellar/ruby@3.2/3.2.10/include/ruby-3.2.0 -I. -I/opt/homebrew/opt/libxslt/include -I/opt/homebrew/opt/libxml2/include/libxml2 -I/opt/homebrew/opt/libyaml/include -I/opt/homebrew/opt/openssl@3/include -I/opt/homebrew/opt/readline/include -D_XOPEN_SOURCE -D_DARWIN_C_SOURCE -D_DARWIN_UNLIMITED_SELECT -D_REENTRANT   -I/Library/Developer/CommandLineTools/SDKs/MacOSX.sdk/usr/include/libxml2 -fdeclspec -O3 -fno-fast-math -ggdb3 -Wall -Wextra -Wextra-tokens -Wdeprecated-declarations -Wdivision-by-zero -Wdiv-by-zero -Wimplicit-function-declaration -Wimplicit-int -Wmisleading-indentation -Wpointer-arith -Wshorten-64-to-32 -Wwrite-strings -Wold-style-definition -Wmissing-noreturn -Wno-cast-function-type -Wno-constant-logical-operand -Wno-long-long -Wno-missing-field-initializers -Wno-overlength-strings -Wno-parentheses-equality -Wno-self-assign -Wno-tautological-compare -Wno-unused-parameter -Wno-unused-value -Wunused-variable -Wundef  -fno-common -pipe -g -Winline -Wmissing-noreturn  conftest.c -o conftest.i"
checked program was:
/* begin */
1: #include "ruby.h"
2: 
3: #include <libxml/xmlversion.h>
4: #if LIBXML_VERSION < 20903
5: #  error libxml2 is older than 2.9.3
6: #endif
/* end */

have_func: checking for xmlHasFeature()... -------------------- yes

DYLD_LIBRARY_PATH=.:/opt/homebrew/Cellar/ruby@3.2/3.2.10/lib "clang -o conftest -I/opt/homebrew/Cellar/ruby@3.2/3.2.10/include/ruby-3.2.0/arm64-darwin24 -I/opt/homebrew/Cellar/ruby@3.2/3.2.10/include/ruby-3.2.0/ruby/backward -I/opt/homebrew/Cellar/ruby@3.2/3.2.10/include/ruby-3.2.0 -I. -I/opt/homebrew/opt/libxslt/include -I/opt/homebrew/opt/libxml2/include/libxml2 -I/opt/homebrew/opt/libyaml/include -I/opt/homebrew/opt/openssl@3/include -I/opt/homebrew/opt/readline/include -D_XOPEN_SOURCE -D_DARWIN_C_SOURCE -D_DARWIN_UNLIMITED_SELECT -D_REENTRANT   -I/Library/Developer/CommandLineTools/SDKs/MacOSX.sdk/usr/include/libxml2 -fdeclspec -O3 -fno-fast-math -ggdb3 -Wall -Wextra -Wextra-tokens -Wdeprecated-declarations -Wdivision-by-zero -Wdiv-by-zero -Wimplicit-function-declaration -Wimplicit-int -Wmisleading-indentation -Wpointer-arith -Wshorten-64-to-32 -Wwrite-strings -Wold-style-definition -Wmissing-noreturn -Wno-cast-function-type -Wno-constant-logical-operand -Wno-long-long -Wno-missing-field-initializers -Wno-overlength-strings -Wno-parentheses-equality -Wno-self-assign -Wno-tautological-compare -Wno-unused-parameter -Wno-unused-value -Wunused-variable -Wundef  -fno-common -pipe -g -Winline -Wmissing-noreturn conftest.c  -L. -L/opt/homebrew/Cellar/ruby@3.2/3.2.10/lib -L/opt/homebrew/opt/libxslt/lib -L/opt/homebrew/opt/libxml2/lib -L/opt/homebrew/opt/libyaml/lib -L/opt/homebrew/opt/openssl@3/lib -L/opt/homebrew/opt/readline/lib -L. -fstack-protector-strong -L/opt/homebrew/opt/libyaml/lib -L/opt/homebrew/opt/openssl@3/lib -L/opt/homebrew/opt/readline/lib    -lexslt -lxslt -lxml2 -lz  -lruby.3.2 -lexslt -lxslt -lxml2 -lz  -lpthread  "
conftest.c:14:57: error: use of undeclared identifier 'xmlHasFeature'
   14 | int t(void) { void ((*volatile p)()); p = (void ((*)()))xmlHasFeature; return !p; }
      |                                                         ^
1 error generated.
checked program was:
/* begin */
 1: #include "ruby.h"
 2: 
 3: /*top*/
 4: extern int t(void);
 5: int main(int argc, char **argv)
 6: {
 7:   if (argc > 1000000) {
 8:     int (* volatile tp)(void)=(int (*)(void))&t;
 9:     printf("%d", (*tp)());
10:   }
11: 
12:   return !!argv[argc];
13: }
14: int t(void) { void ((*volatile p)()); p = (void ((*)()))xmlHasFeature; return !p; }
/* end */

DYLD_LIBRARY_PATH=.:/opt/homebrew/Cellar/ruby@3.2/3.2.10/lib "clang -o conftest -I/opt/homebrew/Cellar/ruby@3.2/3.2.10/include/ruby-3.2.0/arm64-darwin24 -I/opt/homebrew/Cellar/ruby@3.2/3.2.10/include/ruby-3.2.0/ruby/backward -I/opt/homebrew/Cellar/ruby@3.2/3.2.10/include/ruby-3.2.0 -I. -I/opt/homebrew/opt/libxslt/include -I/opt/homebrew/opt/libxml2/include/libxml2 -I/opt/homebrew/opt/libyaml/include -I/opt/homebrew/opt/openssl@3/include -I/opt/homebrew/opt/readline/include -D_XOPEN_SOURCE -D_DARWIN_C_SOURCE -D_DARWIN_UNLIMITED_SELECT -D_REENTRANT   -I/Library/Developer/CommandLineTools/SDKs/MacOSX.sdk/usr/include/libxml2 -fdeclspec -O3 -fno-fast-math -ggdb3 -Wall -Wextra -Wextra-tokens -Wdeprecated-declarations -Wdivision-by-zero -Wdiv-by-zero -Wimplicit-function-declaration -Wimplicit-int -Wmisleading-indentation -Wpointer-arith -Wshorten-64-to-32 -Wwrite-strings -Wold-style-definition -Wmissing-noreturn -Wno-cast-function-type -Wno-constant-logical-operand -Wno-long-long -Wno-missing-field-initializers -Wno-overlength-strings -Wno-parentheses-equality -Wno-self-assign -Wno-tautological-compare -Wno-unused-parameter -Wno-unused-value -Wunused-variable -Wundef  -fno-common -pipe -g -Winline -Wmissing-noreturn conftest.c  -L. -L/opt/homebrew/Cellar/ruby@3.2/3.2.10/lib -L/opt/homebrew/opt/libxslt/lib -L/opt/homebrew/opt/libxml2/lib -L/opt/homebrew/opt/libyaml/lib -L/opt/homebrew/opt/openssl@3/lib -L/opt/homebrew/opt/readline/lib -L. -fstack-protector-strong -L/opt/homebrew/opt/libyaml/lib -L/opt/homebrew/opt/openssl@3/lib -L/opt/homebrew/opt/readline/lib    -lexslt -lxslt -lxml2 -lz  -lruby.3.2 -lexslt -lxslt -lxml2 -lz  -lpthread  "
ld: warning: ignoring duplicate libraries: '-lexslt', '-lxml2', '-lxslt', '-lz'
checked program was:
/* begin */
 1: #include "ruby.h"
 2: 
 3: /*top*/
 4: extern int t(void);
 5: int main(int argc, char **argv)
 6: {
 7:   if (argc > 1000000) {
 8:     int (* volatile tp)(void)=(int (*)(void))&t;
 9:     printf("%d", (*tp)());
10:   }
11: 
12:   return !!argv[argc];
13: }
14: extern void xmlHasFeature();
15: int t(void) { xmlHasFeature(); return 0; }
/* end */

--------------------

have_func: checking for xmlFirstElementChild()... -------------------- yes

DYLD_LIBRARY_PATH=.:/opt/homebrew/Cellar/ruby@3.2/3.2.10/lib "clang -o conftest -I/opt/homebrew/Cellar/ruby@3.2/3.2.10/include/ruby-3.2.0/arm64-darwin24 -I/opt/homebrew/Cellar/ruby@3.2/3.2.10/include/ruby-3.2.0/ruby/backward -I/opt/homebrew/Cellar/ruby@3.2/3.2.10/include/ruby-3.2.0 -I. -I/opt/homebrew/opt/libxslt/include -I/opt/homebrew/opt/libxml2/include/libxml2 -I/opt/homebrew/opt/libyaml/include -I/opt/homebrew/opt/openssl@3/include -I/opt/homebrew/opt/readline/include -D_XOPEN_SOURCE -D_DARWIN_C_SOURCE -D_DARWIN_UNLIMITED_SELECT -D_REENTRANT   -I/Library/Developer/CommandLineTools/SDKs/MacOSX.sdk/usr/include/libxml2 -fdeclspec -O3 -fno-fast-math -ggdb3 -Wall -Wextra -Wextra-tokens -Wdeprecated-declarations -Wdivision-by-zero -Wdiv-by-zero -Wimplicit-function-declaration -Wimplicit-int -Wmisleading-indentation -Wpointer-arith -Wshorten-64-to-32 -Wwrite-strings -Wold-style-definition -Wmissing-noreturn -Wno-cast-function-type -Wno-constant-logical-operand -Wno-long-long -Wno-missing-field-initializers -Wno-overlength-strings -Wno-parentheses-equality -Wno-self-assign -Wno-tautological-compare -Wno-unused-parameter -Wno-unused-value -Wunused-variable -Wundef  -fno-common -pipe -g -Winline -Wmissing-noreturn conftest.c  -L. -L/opt/homebrew/Cellar/ruby@3.2/3.2.10/lib -L/opt/homebrew/opt/libxslt/lib -L/opt/homebrew/opt/libxml2/lib -L/opt/homebrew/opt/libyaml/lib -L/opt/homebrew/opt/openssl@3/lib -L/opt/homebrew/opt/readline/lib -L. -fstack-protector-strong -L/opt/homebrew/opt/libyaml/lib -L/opt/homebrew/opt/openssl@3/lib -L/opt/homebrew/opt/readline/lib    -lexslt -lxslt -lxml2 -lz  -lruby.3.2 -lexslt -lxslt -lxml2 -lz  -lpthread  "
conftest.c:14:57: error: use of undeclared identifier 'xmlFirstElementChild'
   14 | int t(void) { void ((*volatile p)()); p = (void ((*)()))xmlFirstElementChild; return !p; }
      |                                                         ^
1 error generated.
checked program was:
/* begin */
 1: #include "ruby.h"
 2: 
 3: /*top*/
 4: extern int t(void);
 5: int main(int argc, char **argv)
 6: {
 7:   if (argc > 1000000) {
 8:     int (* volatile tp)(void)=(int (*)(void))&t;
 9:     printf("%d", (*tp)());
10:   }
11: 
12:   return !!argv[argc];
13: }
14: int t(void) { void ((*volatile p)()); p = (void ((*)()))xmlFirstElementChild; return !p; }
/* end */

DYLD_LIBRARY_PATH=.:/opt/homebrew/Cellar/ruby@3.2/3.2.10/lib "clang -o conftest -I/opt/homebrew/Cellar/ruby@3.2/3.2.10/include/ruby-3.2.0/arm64-darwin24 -I/opt/homebrew/Cellar/ruby@3.2/3.2.10/include/ruby-3.2.0/ruby/backward -I/opt/homebrew/Cellar/ruby@3.2/3.2.10/include/ruby-3.2.0 -I. -I/opt/homebrew/opt/libxslt/include -I/opt/homebrew/opt/libxml2/include/libxml2 -I/opt/homebrew/opt/libyaml/include -I/opt/homebrew/opt/openssl@3/include -I/opt/homebrew/opt/readline/include -D_XOPEN_SOURCE -D_DARWIN_C_SOURCE -D_DARWIN_UNLIMITED_SELECT -D_REENTRANT   -I/Library/Developer/CommandLineTools/SDKs/MacOSX.sdk/usr/include/libxml2 -fdeclspec -O3 -fno-fast-math -ggdb3 -Wall -Wextra -Wextra-tokens -Wdeprecated-declarations -Wdivision-by-zero -Wdiv-by-zero -Wimplicit-function-declaration -Wimplicit-int -Wmisleading-indentation -Wpointer-arith -Wshorten-64-to-32 -Wwrite-strings -Wold-style-definition -Wmissing-noreturn -Wno-cast-function-type -Wno-constant-logical-operand -Wno-long-long -Wno-missing-field-initializers -Wno-overlength-strings -Wno-parentheses-equality -Wno-self-assign -Wno-tautological-compare -Wno-unused-parameter -Wno-unused-value -Wunused-variable -Wundef  -fno-common -pipe -g -Winline -Wmissing-noreturn conftest.c  -L. -L/opt/homebrew/Cellar/ruby@3.2/3.2.10/lib -L/opt/homebrew/opt/libxslt/lib -L/opt/homebrew/opt/libxml2/lib -L/opt/homebrew/opt/libyaml/lib -L/opt/homebrew/opt/openssl@3/lib -L/opt/homebrew/opt/readline/lib -L. -fstack-protector-strong -L/opt/homebrew/opt/libyaml/lib -L/opt/homebrew/opt/openssl@3/lib -L/opt/homebrew/opt/readline/lib    -lexslt -lxslt -lxml2 -lz  -lruby.3.2 -lexslt -lxslt -lxml2 -lz  -lpthread  "
ld: warning: ignoring duplicate libraries: '-lexslt', '-lxml2', '-lxslt', '-lz'
checked program was:
/* begin */
 1: #include "ruby.h"
 2: 
 3: /*top*/
 4: extern int t(void);
 5: int main(int argc, char **argv)
 6: {
 7:   if (argc > 1000000) {
 8:     int (* volatile tp)(void)=(int (*)(void))&t;
 9:     printf("%d", (*tp)());
10:   }
11: 
12:   return !!argv[argc];
13: }
14: extern void xmlFirstElementChild();
15: int t(void) { xmlFirstElementChild(); return 0; }
/* end */

--------------------

have_func: checking for xmlRelaxNGSetParserStructuredErrors()... -------------------- yes

DYLD_LIBRARY_PATH=.:/opt/homebrew/Cellar/ruby@3.2/3.2.10/lib "clang -o conftest -I/opt/homebrew/Cellar/ruby@3.2/3.2.10/include/ruby-3.2.0/arm64-darwin24 -I/opt/homebrew/Cellar/ruby@3.2/3.2.10/include/ruby-3.2.0/ruby/backward -I/opt/homebrew/Cellar/ruby@3.2/3.2.10/include/ruby-3.2.0 -I. -I/opt/homebrew/opt/libxslt/include -I/opt/homebrew/opt/libxml2/include/libxml2 -I/opt/homebrew/opt/libyaml/include -I/opt/homebrew/opt/openssl@3/include -I/opt/homebrew/opt/readline/include -D_XOPEN_SOURCE -D_DARWIN_C_SOURCE -D_DARWIN_UNLIMITED_SELECT -D_REENTRANT   -I/Library/Developer/CommandLineTools/SDKs/MacOSX.sdk/usr/include/libxml2 -fdeclspec -O3 -fno-fast-math -ggdb3 -Wall -Wextra -Wextra-tokens -Wdeprecated-declarations -Wdivision-by-zero -Wdiv-by-zero -Wimplicit-function-declaration -Wimplicit-int -Wmisleading-indentation -Wpointer-arith -Wshorten-64-to-32 -Wwrite-strings -Wold-style-definition -Wmissing-noreturn -Wno-cast-function-type -Wno-constant-logical-operand -Wno-long-long -Wno-missing-field-initializers -Wno-overlength-strings -Wno-parentheses-equality -Wno-self-assign -Wno-tautological-compare -Wno-unused-parameter -Wno-unused-value -Wunused-variable -Wundef  -fno-common -pipe -g -Winline -Wmissing-noreturn conftest.c  -L. -L/opt/homebrew/Cellar/ruby@3.2/3.2.10/lib -L/opt/homebrew/opt/libxslt/lib -L/opt/homebrew/opt/libxml2/lib -L/opt/homebrew/opt/libyaml/lib -L/opt/homebrew/opt/openssl@3/lib -L/opt/homebrew/opt/readline/lib -L. -fstack-protector-strong -L/opt/homebrew/opt/libyaml/lib -L/opt/homebrew/opt/openssl@3/lib -L/opt/homebrew/opt/readline/lib    -lexslt -lxslt -lxml2 -lz  -lruby.3.2 -lexslt -lxslt -lxml2 -lz  -lpthread  "
conftest.c:14:57: error: use of undeclared identifier 'xmlRelaxNGSetParserStructuredErrors'
   14 | int t(void) { void ((*volatile p)()); p = (void ((*)()))xmlRelaxNGSetParserStructuredErrors; return !p; }
      |                                                         ^
1 error generated.
checked program was:
/* begin */
 1: #include "ruby.h"
 2: 
 3: /*top*/
 4: extern int t(void);
 5: int main(int argc, char **argv)
 6: {
 7:   if (argc > 1000000) {
 8:     int (* volatile tp)(void)=(int (*)(void))&t;
 9:     printf("%d", (*tp)());
10:   }
11: 
12:   return !!argv[argc];
13: }
14: int t(void) { void ((*volatile p)()); p = (void ((*)()))xmlRelaxNGSetParserStructuredErrors; return !p; }
/* end */

DYLD_LIBRARY_PATH=.:/opt/homebrew/Cellar/ruby@3.2/3.2.10/lib "clang -o conftest -I/opt/homebrew/Cellar/ruby@3.2/3.2.10/include/ruby-3.2.0/arm64-darwin24 -I/opt/homebrew/Cellar/ruby@3.2/3.2.10/include/ruby-3.2.0/ruby/backward -I/opt/homebrew/Cellar/ruby@3.2/3.2.10/include/ruby-3.2.0 -I. -I/opt/homebrew/opt/libxslt/include -I/opt/homebrew/opt/libxml2/include/libxml2 -I/opt/homebrew/opt/libyaml/include -I/opt/homebrew/opt/openssl@3/include -I/opt/homebrew/opt/readline/include -D_XOPEN_SOURCE -D_DARWIN_C_SOURCE -D_DARWIN_UNLIMITED_SELECT -D_REENTRANT   -I/Library/Developer/CommandLineTools/SDKs/MacOSX.sdk/usr/include/libxml2 -fdeclspec -O3 -fno-fast-math -ggdb3 -Wall -Wextra -Wextra-tokens -Wdeprecated-declarations -Wdivision-by-zero -Wdiv-by-zero -Wimplicit-function-declaration -Wimplicit-int -Wmisleading-indentation -Wpointer-arith -Wshorten-64-to-32 -Wwrite-strings -Wold-style-definition -Wmissing-noreturn -Wno-cast-function-type -Wno-constant-logical-operand -Wno-long-long -Wno-missing-field-initializers -Wno-overlength-strings -Wno-parentheses-equality -Wno-self-assign -Wno-tautological-compare -Wno-unused-parameter -Wno-unused-value -Wunused-variable -Wundef  -fno-common -pipe -g -Winline -Wmissing-noreturn conftest.c  -L. -L/opt/homebrew/Cellar/ruby@3.2/3.2.10/lib -L/opt/homebrew/opt/libxslt/lib -L/opt/homebrew/opt/libxml2/lib -L/opt/homebrew/opt/libyaml/lib -L/opt/homebrew/opt/openssl@3/lib -L/opt/homebrew/opt/readline/lib -L. -fstack-protector-strong -L/opt/homebrew/opt/libyaml/lib -L/opt/homebrew/opt/openssl@3/lib -L/opt/homebrew/opt/readline/lib    -lexslt -lxslt -lxml2 -lz  -lruby.3.2 -lexslt -lxslt -lxml2 -lz  -lpthread  "
ld: warning: ignoring duplicate libraries: '-lexslt', '-lxml2', '-lxslt', '-lz'
checked program was:
/* begin */
 1: #include "ruby.h"
 2: 
 3: /*top*/
 4: extern int t(void);
 5: int main(int argc, char **argv)
 6: {
 7:   if (argc > 1000000) {
 8:     int (* volatile tp)(void)=(int (*)(void))&t;
 9:     printf("%d", (*tp)());
10:   }
11: 
12:   return !!argv[argc];
13: }
14: extern void xmlRelaxNGSetParserStructuredErrors();
15: int t(void) { xmlRelaxNGSetParserStructuredErrors(); return 0; }
/* end */

--------------------

have_func: checking for xmlRelaxNGSetValidStructuredErrors()... -------------------- yes

DYLD_LIBRARY_PATH=.:/opt/homebrew/Cellar/ruby@3.2/3.2.10/lib "clang -o conftest -I/opt/homebrew/Cellar/ruby@3.2/3.2.10/include/ruby-3.2.0/arm64-darwin24 -I/opt/homebrew/Cellar/ruby@3.2/3.2.10/include/ruby-3.2.0/ruby/backward -I/opt/homebrew/Cellar/ruby@3.2/3.2.10/include/ruby-3.2.0 -I. -I/opt/homebrew/opt/libxslt/include -I/opt/homebrew/opt/libxml2/include/libxml2 -I/opt/homebrew/opt/libyaml/include -I/opt/homebrew/opt/openssl@3/include -I/opt/homebrew/opt/readline/include -D_XOPEN_SOURCE -D_DARWIN_C_SOURCE -D_DARWIN_UNLIMITED_SELECT -D_REENTRANT   -I/Library/Developer/CommandLineTools/SDKs/MacOSX.sdk/usr/include/libxml2 -fdeclspec -O3 -fno-fast-math -ggdb3 -Wall -Wextra -Wextra-tokens -Wdeprecated-declarations -Wdivision-by-zero -Wdiv-by-zero -Wimplicit-function-declaration -Wimplicit-int -Wmisleading-indentation -Wpointer-arith -Wshorten-64-to-32 -Wwrite-strings -Wold-style-definition -Wmissing-noreturn -Wno-cast-function-type -Wno-constant-logical-operand -Wno-long-long -Wno-missing-field-initializers -Wno-overlength-strings -Wno-parentheses-equality -Wno-self-assign -Wno-tautological-compare -Wno-unused-parameter -Wno-unused-value -Wunused-variable -Wundef  -fno-common -pipe -g -Winline -Wmissing-noreturn conftest.c  -L. -L/opt/homebrew/Cellar/ruby@3.2/3.2.10/lib -L/opt/homebrew/opt/libxslt/lib -L/opt/homebrew/opt/libxml2/lib -L/opt/homebrew/opt/libyaml/lib -L/opt/homebrew/opt/openssl@3/lib -L/opt/homebrew/opt/readline/lib -L. -fstack-protector-strong -L/opt/homebrew/opt/libyaml/lib -L/opt/homebrew/opt/openssl@3/lib -L/opt/homebrew/opt/readline/lib    -lexslt -lxslt -lxml2 -lz  -lruby.3.2 -lexslt -lxslt -lxml2 -lz  -lpthread  "
conftest.c:14:57: error: use of undeclared identifier 'xmlRelaxNGSetValidStructuredErrors'
   14 | int t(void) { void ((*volatile p)()); p = (void ((*)()))xmlRelaxNGSetValidStructuredErrors; return !p; }
      |                                                         ^
1 error generated.
checked program was:
/* begin */
 1: #include "ruby.h"
 2: 
 3: /*top*/
 4: extern int t(void);
 5: int main(int argc, char **argv)
 6: {
 7:   if (argc > 1000000) {
 8:     int (* volatile tp)(void)=(int (*)(void))&t;
 9:     printf("%d", (*tp)());
10:   }
11: 
12:   return !!argv[argc];
13: }
14: int t(void) { void ((*volatile p)()); p = (void ((*)()))xmlRelaxNGSetValidStructuredErrors; return !p; }
/* end */

DYLD_LIBRARY_PATH=.:/opt/homebrew/Cellar/ruby@3.2/3.2.10/lib "clang -o conftest -I/opt/homebrew/Cellar/ruby@3.2/3.2.10/include/ruby-3.2.0/arm64-darwin24 -I/opt/homebrew/Cellar/ruby@3.2/3.2.10/include/ruby-3.2.0/ruby/backward -I/opt/homebrew/Cellar/ruby@3.2/3.2.10/include/ruby-3.2.0 -I. -I/opt/homebrew/opt/libxslt/include -I/opt/homebrew/opt/libxml2/include/libxml2 -I/opt/homebrew/opt/libyaml/include -I/opt/homebrew/opt/openssl@3/include -I/opt/homebrew/opt/readline/include -D_XOPEN_SOURCE -D_DARWIN_C_SOURCE -D_DARWIN_UNLIMITED_SELECT -D_REENTRANT   -I/Library/Developer/CommandLineTools/SDKs/MacOSX.sdk/usr/include/libxml2 -fdeclspec -O3 -fno-fast-math -ggdb3 -Wall -Wextra -Wextra-tokens -Wdeprecated-declarations -Wdivision-by-zero -Wdiv-by-zero -Wimplicit-function-declaration -Wimplicit-int -Wmisleading-indentation -Wpointer-arith -Wshorten-64-to-32 -Wwrite-strings -Wold-style-definition -Wmissing-noreturn -Wno-cast-function-type -Wno-constant-logical-operand -Wno-long-long -Wno-missing-field-initializers -Wno-overlength-strings -Wno-parentheses-equality -Wno-self-assign -Wno-tautological-compare -Wno-unused-parameter -Wno-unused-value -Wunused-variable -Wundef  -fno-common -pipe -g -Winline -Wmissing-noreturn conftest.c  -L. -L/opt/homebrew/Cellar/ruby@3.2/3.2.10/lib -L/opt/homebrew/opt/libxslt/lib -L/opt/homebrew/opt/libxml2/lib -L/opt/homebrew/opt/libyaml/lib -L/opt/homebrew/opt/openssl@3/lib -L/opt/homebrew/opt/readline/lib -L. -fstack-protector-strong -L/opt/homebrew/opt/libyaml/lib -L/opt/homebrew/opt/openssl@3/lib -L/opt/homebrew/opt/readline/lib    -lexslt -lxslt -lxml2 -lz  -lruby.3.2 -lexslt -lxslt -lxml2 -lz  -lpthread  "
ld: warning: ignoring duplicate libraries: '-lexslt', '-lxml2', '-lxslt', '-lz'
checked program was:
/* begin */
 1: #include "ruby.h"
 2: 
 3: /*top*/
 4: extern int t(void);
 5: int main(int argc, char **argv)
 6: {
 7:   if (argc > 1000000) {
 8:     int (* volatile tp)(void)=(int (*)(void))&t;
 9:     printf("%d", (*tp)());
10:   }
11: 
12:   return !!argv[argc];
13: }
14: extern void xmlRelaxNGSetValidStructuredErrors();
15: int t(void) { xmlRelaxNGSetValidStructuredErrors(); return 0; }
/* end */

--------------------

have_func: checking for xmlSchemaSetValidStructuredErrors()... -------------------- yes

DYLD_LIBRARY_PATH=.:/opt/homebrew/Cellar/ruby@3.2/3.2.10/lib "clang -o conftest -I/opt/homebrew/Cellar/ruby@3.2/3.2.10/include/ruby-3.2.0/arm64-darwin24 -I/opt/homebrew/Cellar/ruby@3.2/3.2.10/include/ruby-3.2.0/ruby/backward -I/opt/homebrew/Cellar/ruby@3.2/3.2.10/include/ruby-3.2.0 -I. -I/opt/homebrew/opt/libxslt/include -I/opt/homebrew/opt/libxml2/include/libxml2 -I/opt/homebrew/opt/libyaml/include -I/opt/homebrew/opt/openssl@3/include -I/opt/homebrew/opt/readline/include -D_XOPEN_SOURCE -D_DARWIN_C_SOURCE -D_DARWIN_UNLIMITED_SELECT -D_REENTRANT   -I/Library/Developer/CommandLineTools/SDKs/MacOSX.sdk/usr/include/libxml2 -fdeclspec -O3 -fno-fast-math -ggdb3 -Wall -Wextra -Wextra-tokens -Wdeprecated-declarations -Wdivision-by-zero -Wdiv-by-zero -Wimplicit-function-declaration -Wimplicit-int -Wmisleading-indentation -Wpointer-arith -Wshorten-64-to-32 -Wwrite-strings -Wold-style-definition -Wmissing-noreturn -Wno-cast-function-type -Wno-constant-logical-operand -Wno-long-long -Wno-missing-field-initializers -Wno-overlength-strings -Wno-parentheses-equality -Wno-self-assign -Wno-tautological-compare -Wno-unused-parameter -Wno-unused-value -Wunused-variable -Wundef  -fno-common -pipe -g -Winline -Wmissing-noreturn conftest.c  -L. -L/opt/homebrew/Cellar/ruby@3.2/3.2.10/lib -L/opt/homebrew/opt/libxslt/lib -L/opt/homebrew/opt/libxml2/lib -L/opt/homebrew/opt/libyaml/lib -L/opt/homebrew/opt/openssl@3/lib -L/opt/homebrew/opt/readline/lib -L. -fstack-protector-strong -L/opt/homebrew/opt/libyaml/lib -L/opt/homebrew/opt/openssl@3/lib -L/opt/homebrew/opt/readline/lib    -lexslt -lxslt -lxml2 -lz  -lruby.3.2 -lexslt -lxslt -lxml2 -lz  -lpthread  "
conftest.c:14:57: error: use of undeclared identifier 'xmlSchemaSetValidStructuredErrors'
   14 | int t(void) { void ((*volatile p)()); p = (void ((*)()))xmlSchemaSetValidStructuredErrors; return !p; }
      |                                                         ^
1 error generated.
checked program was:
/* begin */
 1: #include "ruby.h"
 2: 
 3: /*top*/
 4: extern int t(void);
 5: int main(int argc, char **argv)
 6: {
 7:   if (argc > 1000000) {
 8:     int (* volatile tp)(void)=(int (*)(void))&t;
 9:     printf("%d", (*tp)());
10:   }
11: 
12:   return !!argv[argc];
13: }
14: int t(void) { void ((*volatile p)()); p = (void ((*)()))xmlSchemaSetValidStructuredErrors; return !p; }
/* end */

DYLD_LIBRARY_PATH=.:/opt/homebrew/Cellar/ruby@3.2/3.2.10/lib "clang -o conftest -I/opt/homebrew/Cellar/ruby@3.2/3.2.10/include/ruby-3.2.0/arm64-darwin24 -I/opt/homebrew/Cellar/ruby@3.2/3.2.10/include/ruby-3.2.0/ruby/backward -I/opt/homebrew/Cellar/ruby@3.2/3.2.10/include/ruby-3.2.0 -I. -I/opt/homebrew/opt/libxslt/include -I/opt/homebrew/opt/libxml2/include/libxml2 -I/opt/homebrew/opt/libyaml/include -I/opt/homebrew/opt/openssl@3/include -I/opt/homebrew/opt/readline/include -D_XOPEN_SOURCE -D_DARWIN_C_SOURCE -D_DARWIN_UNLIMITED_SELECT -D_REENTRANT   -I/Library/Developer/CommandLineTools/SDKs/MacOSX.sdk/usr/include/libxml2 -fdeclspec -O3 -fno-fast-math -ggdb3 -Wall -Wextra -Wextra-tokens -Wdeprecated-declarations -Wdivision-by-zero -Wdiv-by-zero -Wimplicit-function-declaration -Wimplicit-int -Wmisleading-indentation -Wpointer-arith -Wshorten-64-to-32 -Wwrite-strings -Wold-style-definition -Wmissing-noreturn -Wno-cast-function-type -Wno-constant-logical-operand -Wno-long-long -Wno-missing-field-initializers -Wno-overlength-strings -Wno-parentheses-equality -Wno-self-assign -Wno-tautological-compare -Wno-unused-parameter -Wno-unused-value -Wunused-variable -Wundef  -fno-common -pipe -g -Winline -Wmissing-noreturn conftest.c  -L. -L/opt/homebrew/Cellar/ruby@3.2/3.2.10/lib -L/opt/homebrew/opt/libxslt/lib -L/opt/homebrew/opt/libxml2/lib -L/opt/homebrew/opt/libyaml/lib -L/opt/homebrew/opt/openssl@3/lib -L/opt/homebrew/opt/readline/lib -L. -fstack-protector-strong -L/opt/homebrew/opt/libyaml/lib -L/opt/homebrew/opt/openssl@3/lib -L/opt/homebrew/opt/readline/lib    -lexslt -lxslt -lxml2 -lz  -lruby.3.2 -lexslt -lxslt -lxml2 -lz  -lpthread  "
ld: warning: ignoring duplicate libraries: '-lexslt', '-lxml2', '-lxslt', '-lz'
checked program was:
/* begin */
 1: #include "ruby.h"
 2: 
 3: /*top*/
 4: extern int t(void);
 5: int main(int argc, char **argv)
 6: {
 7:   if (argc > 1000000) {
 8:     int (* volatile tp)(void)=(int (*)(void))&t;
 9:     printf("%d", (*tp)());
10:   }
11: 
12:   return !!argv[argc];
13: }
14: extern void xmlSchemaSetValidStructuredErrors();
15: int t(void) { xmlSchemaSetValidStructuredErrors(); return 0; }
/* end */

--------------------

have_func: checking for xmlSchemaSetParserStructuredErrors()... -------------------- yes

DYLD_LIBRARY_PATH=.:/opt/homebrew/Cellar/ruby@3.2/3.2.10/lib "clang -o conftest -I/opt/homebrew/Cellar/ruby@3.2/3.2.10/include/ruby-3.2.0/arm64-darwin24 -I/opt/homebrew/Cellar/ruby@3.2/3.2.10/include/ruby-3.2.0/ruby/backward -I/opt/homebrew/Cellar/ruby@3.2/3.2.10/include/ruby-3.2.0 -I. -I/opt/homebrew/opt/libxslt/include -I/opt/homebrew/opt/libxml2/include/libxml2 -I/opt/homebrew/opt/libyaml/include -I/opt/homebrew/opt/openssl@3/include -I/opt/homebrew/opt/readline/include -D_XOPEN_SOURCE -D_DARWIN_C_SOURCE -D_DARWIN_UNLIMITED_SELECT -D_REENTRANT   -I/Library/Developer/CommandLineTools/SDKs/MacOSX.sdk/usr/include/libxml2 -fdeclspec -O3 -fno-fast-math -ggdb3 -Wall -Wextra -Wextra-tokens -Wdeprecated-declarations -Wdivision-by-zero -Wdiv-by-zero -Wimplicit-function-declaration -Wimplicit-int -Wmisleading-indentation -Wpointer-arith -Wshorten-64-to-32 -Wwrite-strings -Wold-style-definition -Wmissing-noreturn -Wno-cast-function-type -Wno-constant-logical-operand -Wno-long-long -Wno-missing-field-initializers -Wno-overlength-strings -Wno-parentheses-equality -Wno-self-assign -Wno-tautological-compare -Wno-unused-parameter -Wno-unused-value -Wunused-variable -Wundef  -fno-common -pipe -g -Winline -Wmissing-noreturn conftest.c  -L. -L/opt/homebrew/Cellar/ruby@3.2/3.2.10/lib -L/opt/homebrew/opt/libxslt/lib -L/opt/homebrew/opt/libxml2/lib -L/opt/homebrew/opt/libyaml/lib -L/opt/homebrew/opt/openssl@3/lib -L/opt/homebrew/opt/readline/lib -L. -fstack-protector-strong -L/opt/homebrew/opt/libyaml/lib -L/opt/homebrew/opt/openssl@3/lib -L/opt/homebrew/opt/readline/lib    -lexslt -lxslt -lxml2 -lz  -lruby.3.2 -lexslt -lxslt -lxml2 -lz  -lpthread  "
conftest.c:14:57: error: use of undeclared identifier 'xmlSchemaSetParserStructuredErrors'
   14 | int t(void) { void ((*volatile p)()); p = (void ((*)()))xmlSchemaSetParserStructuredErrors; return !p; }
      |                                                         ^
1 error generated.
checked program was:
/* begin */
 1: #include "ruby.h"
 2: 
 3: /*top*/
 4: extern int t(void);
 5: int main(int argc, char **argv)
 6: {
 7:   if (argc > 1000000) {
 8:     int (* volatile tp)(void)=(int (*)(void))&t;
 9:     printf("%d", (*tp)());
10:   }
11: 
12:   return !!argv[argc];
13: }
14: int t(void) { void ((*volatile p)()); p = (void ((*)()))xmlSchemaSetParserStructuredErrors; return !p; }
/* end */

DYLD_LIBRARY_PATH=.:/opt/homebrew/Cellar/ruby@3.2/3.2.10/lib "clang -o conftest -I/opt/homebrew/Cellar/ruby@3.2/3.2.10/include/ruby-3.2.0/arm64-darwin24 -I/opt/homebrew/Cellar/ruby@3.2/3.2.10/include/ruby-3.2.0/ruby/backward -I/opt/homebrew/Cellar/ruby@3.2/3.2.10/include/ruby-3.2.0 -I. -I/opt/homebrew/opt/libxslt/include -I/opt/homebrew/opt/libxml2/include/libxml2 -I/opt/homebrew/opt/libyaml/include -I/opt/homebrew/opt/openssl@3/include -I/opt/homebrew/opt/readline/include -D_XOPEN_SOURCE -D_DARWIN_C_SOURCE -D_DARWIN_UNLIMITED_SELECT -D_REENTRANT   -I/Library/Developer/CommandLineTools/SDKs/MacOSX.sdk/usr/include/libxml2 -fdeclspec -O3 -fno-fast-math -ggdb3 -Wall -Wextra -Wextra-tokens -Wdeprecated-declarations -Wdivision-by-zero -Wdiv-by-zero -Wimplicit-function-declaration -Wimplicit-int -Wmisleading-indentation -Wpointer-arith -Wshorten-64-to-32 -Wwrite-strings -Wold-style-definition -Wmissing-noreturn -Wno-cast-function-type -Wno-constant-logical-operand -Wno-long-long -Wno-missing-field-initializers -Wno-overlength-strings -Wno-parentheses-equality -Wno-self-assign -Wno-tautological-compare -Wno-unused-parameter -Wno-unused-value -Wunused-variable -Wundef  -fno-common -pipe -g -Winline -Wmissing-noreturn conftest.c  -L. -L/opt/homebrew/Cellar/ruby@3.2/3.2.10/lib -L/opt/homebrew/opt/libxslt/lib -L/opt/homebrew/opt/libxml2/lib -L/opt/homebrew/opt/libyaml/lib -L/opt/homebrew/opt/openssl@3/lib -L/opt/homebrew/opt/readline/lib -L. -fstack-protector-strong -L/opt/homebrew/opt/libyaml/lib -L/opt/homebrew/opt/openssl@3/lib -L/opt/homebrew/opt/readline/lib    -lexslt -lxslt -lxml2 -lz  -lruby.3.2 -lexslt -lxslt -lxml2 -lz  -lpthread  "
ld: warning: ignoring duplicate libraries: '-lexslt', '-lxml2', '-lxslt', '-lz'
checked program was:
/* begin */
 1: #include "ruby.h"
 2: 
 3: /*top*/
 4: extern int t(void);
 5: int main(int argc, char **argv)
 6: {
 7:   if (argc > 1000000) {
 8:     int (* volatile tp)(void)=(int (*)(void))&t;
 9:     printf("%d", (*tp)());
10:   }
11: 
12:   return !!argv[argc];
13: }
14: extern void xmlSchemaSetParserStructuredErrors();
15: int t(void) { xmlSchemaSetParserStructuredErrors(); return 0; }
/* end */

--------------------

have_func: checking for vasprintf()... -------------------- yes

DYLD_LIBRARY_PATH=.:/opt/homebrew/Cellar/ruby@3.2/3.2.10/lib "clang -o conftest -I/opt/homebrew/Cellar/ruby@3.2/3.2.10/include/ruby-3.2.0/arm64-darwin24 -I/opt/homebrew/Cellar/ruby@3.2/3.2.10/include/ruby-3.2.0/ruby/backward -I/opt/homebrew/Cellar/ruby@3.2/3.2.10/include/ruby-3.2.0 -I. -I/opt/homebrew/opt/libxslt/include -I/opt/homebrew/opt/libxml2/include/libxml2 -I/opt/homebrew/opt/libyaml/include -I/opt/homebrew/opt/openssl@3/include -I/opt/homebrew/opt/readline/include -D_XOPEN_SOURCE -D_DARWIN_C_SOURCE -D_DARWIN_UNLIMITED_SELECT -D_REENTRANT   -I/Library/Developer/CommandLineTools/SDKs/MacOSX.sdk/usr/include/libxml2 -fdeclspec -O3 -fno-fast-math -ggdb3 -Wall -Wextra -Wextra-tokens -Wdeprecated-declarations -Wdivision-by-zero -Wdiv-by-zero -Wimplicit-function-declaration -Wimplicit-int -Wmisleading-indentation -Wpointer-arith -Wshorten-64-to-32 -Wwrite-strings -Wold-style-definition -Wmissing-noreturn -Wno-cast-function-type -Wno-constant-logical-operand -Wno-long-long -Wno-missing-field-initializers -Wno-overlength-strings -Wno-parentheses-equality -Wno-self-assign -Wno-tautological-compare -Wno-unused-parameter -Wno-unused-value -Wunused-variable -Wundef  -fno-common -pipe -g -Winline -Wmissing-noreturn conftest.c  -L. -L/opt/homebrew/Cellar/ruby@3.2/3.2.10/lib -L/opt/homebrew/opt/libxslt/lib -L/opt/homebrew/opt/libxml2/lib -L/opt/homebrew/opt/libyaml/lib -L/opt/homebrew/opt/openssl@3/lib -L/opt/homebrew/opt/readline/lib -L. -fstack-protector-strong -L/opt/homebrew/opt/libyaml/lib -L/opt/homebrew/opt/openssl@3/lib -L/opt/homebrew/opt/readline/lib    -lexslt -lxslt -lxml2 -lz  -lruby.3.2 -lexslt -lxslt -lxml2 -lz  -lpthread  "
ld: warning: ignoring duplicate libraries: '-lexslt', '-lxml2', '-lxslt', '-lz'
checked program was:
/* begin */
 1: #include "ruby.h"
 2: 
 3: /*top*/
 4: extern int t(void);
 5: int main(int argc, char **argv)
 6: {
 7:   if (argc > 1000000) {
 8:     int (* volatile tp)(void)=(int (*)(void))&t;
 9:     printf("%d", (*tp)());
10:   }
11: 
12:   return !!argv[argc];
13: }
14: int t(void) { void ((*volatile p)()); p = (void ((*)()))vasprintf; return !p; }
/* end */

--------------------

block in append_cppflags: checking for whether -DNOKOGIRI_OTHER_LIBRARY_VERSIONS="\"\"" is accepted as CPPFLAGS... -------------------- yes

DYLD_LIBRARY_PATH=.:/opt/homebrew/Cellar/ruby@3.2/3.2.10/lib "clang -I/opt/homebrew/Cellar/ruby@3.2/3.2.10/include/ruby-3.2.0/arm64-darwin24 -I/opt/homebrew/Cellar/ruby@3.2/3.2.10/include/ruby-3.2.0/ruby/backward -I/opt/homebrew/Cellar/ruby@3.2/3.2.10/include/ruby-3.2.0 -I. -I/opt/homebrew/opt/libxslt/include -I/opt/homebrew/opt/libxml2/include/libxml2 -I/opt/homebrew/opt/libyaml/include -I/opt/homebrew/opt/openssl@3/include -I/opt/homebrew/opt/readline/include -D_XOPEN_SOURCE -D_DARWIN_C_SOURCE -D_DARWIN_UNLIMITED_SELECT -D_REENTRANT   -I/Library/Developer/CommandLineTools/SDKs/MacOSX.sdk/usr/include/libxml2 -fdeclspec -O3 -fno-fast-math -ggdb3 -Wall -Wextra -Wextra-tokens -Wdeprecated-declarations -Wdivision-by-zero -Wdiv-by-zero -Wimplicit-function-declaration -Wimplicit-int -Wmisleading-indentation -Wpointer-arith -Wshorten-64-to-32 -Wwrite-strings -Wold-style-definition -Wmissing-noreturn -Wno-cast-function-type -Wno-constant-logical-operand -Wno-long-long -Wno-missing-field-initializers -Wno-overlength-strings -Wno-parentheses-equality -Wno-self-assign -Wno-tautological-compare -Wno-unused-parameter -Wno-unused-value -Wunused-variable -Wundef  -fno-common -pipe -g -Winline -Wmissing-noreturn  -DNOKOGIRI_OTHER_LIBRARY_VERSIONS="\"\"" -Werror -c conftest.c"
checked program was:
/* begin */
1: #include "ruby.h"
2: 
3: int main(int argc, char **argv)
4: {
5:   return !!argv[argc];
6: }
/* end */

--------------------

