current directory: /Users/avishek/Documents/projects/decap_cms_portfolio/avishek-018.github.io/vendor/bundle/ruby/3.2.0/gems/racc-1.5.2/ext/racc/cparse
/opt/homebrew/opt/ruby@3.2/bin/ruby extconf.rb
checking for rb_ary_subseq()... yes
creating Makefile

current directory: /Users/avishek/Documents/projects/decap_cms_portfolio/avishek-018.github.io/vendor/bundle/ruby/3.2.0/gems/racc-1.5.2/ext/racc/cparse
make DESTDIR\= sitearchdir\=./.gem.20260303-6426-fi6dvt sitelibdir\=./.gem.20260303-6426-fi6dvt clean

current directory: /Users/avishek/Documents/projects/decap_cms_portfolio/avishek-018.github.io/vendor/bundle/ruby/3.2.0/gems/racc-1.5.2/ext/racc/cparse
make DESTDIR\= sitearchdir\=./.gem.20260303-6426-fi6dvt sitelibdir\=./.gem.20260303-6426-fi6dvt
compiling cparse.c
cparse.c:302:5: warning: 'rb_iterate' is deprecated: by: rb_block_call since 1.9 [-Wdeprecated-declarations]
  302 |     rb_iterate(lexer_iter, v->value_v, lexer_i, v->value_v);
      |     ^
/opt/homebrew/Cellar/ruby@3.2/3.2.10/include/ruby-3.2.0/ruby/internal/iterator.h:269:1: note: 'rb_iterate' has been explicitly marked deprecated here
  269 | RBIMPL_ATTR_DEPRECATED(("by: rb_block_call since 1.9"))
      | ^
/opt/homebrew/Cellar/ruby@3.2/3.2.10/include/ruby-3.2.0/ruby/internal/attr/deprecated.h:36:53: note: expanded from macro 'RBIMPL_ATTR_DEPRECATED'
   36 | # define RBIMPL_ATTR_DEPRECATED(msg) __attribute__((__deprecated__ msg))
      |                                                     ^
1 warning generated.
linking shared-object racc/cparse.bundle
ld: warning: ignoring duplicate libraries: '-lruby.3.2'

current directory: /Users/avishek/Documents/projects/decap_cms_portfolio/avishek-018.github.io/vendor/bundle/ruby/3.2.0/gems/racc-1.5.2/ext/racc/cparse
make DESTDIR\= sitearchdir\=./.gem.20260303-6426-fi6dvt sitelibdir\=./.gem.20260303-6426-fi6dvt install
/usr/bin/install -c -m 0755 cparse.bundle ./.gem.20260303-6426-fi6dvt/racc

current directory: /Users/avishek/Documents/projects/decap_cms_portfolio/avishek-018.github.io/vendor/bundle/ruby/3.2.0/gems/racc-1.5.2/ext/racc/cparse
make DESTDIR\= sitearchdir\=./.gem.20260303-6426-fi6dvt sitelibdir\=./.gem.20260303-6426-fi6dvt clean
