current directory: /Users/avishek/Documents/projects/decap_cms_portfolio/avishek-018.github.io/vendor/bundle/ruby/2.6.0/gems/nokogumbo-2.0.4/ext/nokogumbo
/System/Library/Frameworks/Ruby.framework/Versions/2.6/usr/bin/ruby -I /System/Library/Frameworks/Ruby.framework/Versions/2.6/usr/lib/ruby/2.6.0 -r ./siteconf20260303-90698-1dhi2nx.rb extconf.rb
checking for libxml/tree.h in /Users/avishek/Documents/projects/decap_cms_portfolio/avishek-018.github.io/vendor/bundle/ruby/2.6.0/gems/nokogiri-1.11.1/ext/nokogiri/include/libxml2... yes
checking for nokogiri.h in /Users/avishek/Documents/projects/decap_cms_portfolio/avishek-018.github.io/vendor/bundle/ruby/2.6.0/gems/nokogiri-1.11.1/ext/nokogiri... yes
creating Makefile

current directory: /Users/avishek/Documents/projects/decap_cms_portfolio/avishek-018.github.io/vendor/bundle/ruby/2.6.0/gems/nokogumbo-2.0.4/ext/nokogumbo
make "DESTDIR=" clean

current directory: /Users/avishek/Documents/projects/decap_cms_portfolio/avishek-018.github.io/vendor/bundle/ruby/2.6.0/gems/nokogumbo-2.0.4/ext/nokogumbo
make "DESTDIR="
compiling nokogumbo.c
compiling ./../../gumbo-parser/src/string_buffer.c
compiling ./../../gumbo-parser/src/svg_attrs.c
compiling ./../../gumbo-parser/src/ascii.c
compiling ./../../gumbo-parser/src/util.c
compiling ./../../gumbo-parser/src/svg_tags.c
compiling ./../../gumbo-parser/src/vector.c
compiling ./../../gumbo-parser/src/attribute.c
compiling ./../../gumbo-parser/src/token_buffer.c
compiling ./../../gumbo-parser/src/char_ref.c
compiling ./../../gumbo-parser/src/utf8.c
compiling ./../../gumbo-parser/src/error.c
./../../gumbo-parser/src/error.c:99:20: warning: cast to smaller integer type 'GumboTag' from 'void *' [-Wvoid-pointer-to-enum-cast]
   99 |     GumboTag tag = (GumboTag) error->tag_stack.data[i];
      |                    ^~~~~~~~~~~~~~~~~~~~~~~~~~~~~~~~~~~
1 warning generated.
compiling ./../../gumbo-parser/src/tag.c
compiling ./../../gumbo-parser/src/parser.c
./../../gumbo-parser/src/parser.c:540:10: warning: cast to smaller integer type 'GumboInsertionMode' from 'void *' [-Wvoid-pointer-to-enum-cast]
  540 |   return (GumboInsertionMode) modes->data[(modes->length - 1)];
      |          ^~~~~~~~~~~~~~~~~~~~~~~~~~~~~~~~~~~~~~~~~~~~~~~~~~~~~
1 warning generated.
compiling ./../../gumbo-parser/src/foreign_attrs.c
compiling ./../../gumbo-parser/src/tokenizer.c
compiling ./../../gumbo-parser/src/string_piece.c
compiling ./../../gumbo-parser/src/tag_lookup.c
linking shared-object nokogumbo/nokogumbo.bundle
ld: warning: search path '/AppleInternal/Library/BuildRoots/4~B5FAugAunRW9OK7YcFNXDBTTVy6DXTYoxzE3ORQ/Applications/Xcode.app/Contents/Developer/Platforms/MacOSX.platform/Developer/SDKs/MacOSX15.6.Internal.sdk/usr/local/lib' not found

current directory: /Users/avishek/Documents/projects/decap_cms_portfolio/avishek-018.github.io/vendor/bundle/ruby/2.6.0/gems/nokogumbo-2.0.4/ext/nokogumbo
make "DESTDIR=" install
/usr/bin/install -c -m 0755 nokogumbo.bundle ./.gem.20260303-90698-u0fv5x/nokogumbo
